install
+- install generated to libghostty.so
   +- compile lib ghostty Debug x86_64-windows 3 errors
error: lld-link: undefined symbol: gladLoadGLContext
    note: referenced by /Users/cody/code/dotty/ghostty_src/pkg/opengl/glad.zig:28
    note:               .zig-cache/o/974733fee29be07602934da6cd10d087/ghostty_zcu.obj:(glad.load__anon_603049)
error: lld-link: undefined symbol: gladLoaderUnloadGLContext
    note: referenced by /Users/cody/code/dotty/ghostty_src/pkg/opengl/glad.zig:35
    note:               .zig-cache/o/974733fee29be07602934da6cd10d087/ghostty_zcu.obj:(glad.unload)
error: lld-link: undefined symbol: wcwidth
    note: referenced by /Users/cody/code/dotty/ghostty_src/src/benchmark/CodepointWidth.zig:127
    note:               .zig-cache/o/974733fee29be07602934da6cd10d087/ghostty_zcu.obj:(benchmark.CodepointWidth.stepWcwidth)
error: the following command failed with 3 compilation errors:
/opt/homebrew/Cellar/zig/0.15.2/bin/zig build-lib -fllvm -luser32 -lgdi32 -lopengl32 .zig-cache/o/16234c194097800930c6c81a5f0c6b9d/freetype.lib .zig-cache/o/6cf6d9cb57b7e3ff6744b676a6574743/harfbuzz.lib .zig-cache/o/20e7985d7644511f13c40f98df84b279/fontconfig.lib .zig-cache/o/60b423f7daa20c9d37dee4171a147f62/png.lib .zig-cache/o/77d4e1acb5aa43ecf3935d306d997848/z.lib .zig-cache/o/cc5be1cde24d4e7f7fc06a73d173fc47/oniguruma.lib .zig-cache/o/fabd050fe2eceac3c3612c4005c8ad9a/glslang.lib .zig-cache/o/f72b072618feda604f0bc940af2d52d5/spirv_cross.lib .zig-cache/o/7f00b0266c71e3af7f9647007c380b7f/simdutf.lib .zig-cache/o/eca57684c23260122c78fc9e525f2f9e/highway.lib .zig-cache/o/3bf42079e50b605c1427a3a5c2b4164a/utfcpp.lib -cflags -DHWY_DISABLED_TARGETS=472 -- /Users/cody/code/dotty/ghostty_src/src/simd/base64.cpp /Users/cody/code/dotty/ghostty_src/src/simd/codepoint_width.cpp /Users/cody/code/dotty/ghostty_src/src/simd/index_of.cpp /Users/cody/code/dotty/ghostty_src/src/simd/vt.cpp -cflags -- /Users/cody/code/dotty/ghostty_src/src/stb/stb.c .zig-cache/o/56a57a9699c0cf5f5f2415f03c5a0eb7/dcimgui.lib -fno-strip -fno-omit-frame-pointer -funwind-tables -ODebug -target x86_64-windows -mcpu baseline -I .zig-cache/o/21b8285609d571ec78c9e1182b273eda -I .zig-cache/o/1729915a1f5ef23f41f045853ba60e81 -I .zig-cache/o/7c3c652a0863e7eda96eab5316daaf28 -I .zig-cache/o/423d253192c50e07ad907b0f73c2aa30 -I .zig-cache/o/3fcbd23ab1b1b644fbc1789d20fdda44 -I .zig-cache/o/7097a5296bf6c47d979d2e04c2b1bcd6 -I .zig-cache/o/9f510a978772aed3cf57b43d831f03ab -I .zig-cache/o/443492f8e4e99a1582f7b0ac3b87a9a7 -I .zig-cache/o/e93af3b8afae5979286ca1a2021755cc -I .zig-cache/o/45039aab331e8db7b8d2900b06745fe5 -I .zig-cache/o/5155e8a0f4dfec59e17a2fcd4c6cb7a6 -I /Users/cody/code/dotty/ghostty_src/src -I /Users/cody/code/dotty/ghostty_src/src/stb -I .zig-cache/o/67c9bf735cc12f02bcb6a5aec7d59081 --dep build_options --dep terminal_options --dep freetype --dep harfbuzz --dep fontconfig --dep oniguruma --dep glslang --dep spirv_cross --dep opengl --dep vaxis --dep wuffs --dep xev --dep z2d --dep uucode --dep zf --dep dcimgui --dep jetbrains_mono_regular --dep jetbrains_mono_bold --dep jetbrains_mono_italic --dep jetbrains_mono_bold_italic --dep jetbrains_mono_variable --dep jetbrains_mono_variable_italic --dep nerd_fonts_symbols_only --dep help_strings --dep unicode_tables --dep symbols_tables --dep framedata -Mroot=/Users/cody/code/dotty/ghostty_src/src/main_c.zig -Mbuild_options=.zig-cache/c/d6fd5ea927756d031f78b81a15f93513/options.zig -Mterminal_options=.zig-cache/c/d919315db01ec51aca2144b93c60a4d6/options.zig -ODebug -target x86_64-windows -mcpu baseline -I /Users/cody/code/dotty/ghostty_src/pkg/freetype -I /Users/cody/.cache/zig/p/N-V-__8AAKLKpwC4H27Ps_0iL3bPkQb-z6ZVSrB-x_3EEkub/include -Mfreetype=/Users/cody/code/dotty/ghostty_src/pkg/freetype/main.zig -ODebug -target x86_64-windows -mcpu baseline -I /Users/cody/.cache/zig/p/N-V-__8AAKLKpwC4H27Ps_0iL3bPkQb-z6ZVSrB-x_3EEkub/include -I /Users/cody/.cache/zig/p/N-V-__8AAG02ugUcWec-Ndp-i7JTsJ0dgF8nnJRUInkGLG7G/src --dep freetype --dep macos --dep build_options=build_options0 -Mharfbuzz=/Users/cody/code/dotty/ghostty_src/pkg/harfbuzz/main.zig -ODebug -target x86_64-windows -mcpu baseline -I /Users/cody/code/dotty/ghostty_src/pkg/fontconfig/override/include -I /Users/cody/.cache/zig/p/N-V-__8AAIrfdwARSa-zMmxWwFuwpXf1T3asIN7s5jqi9c1v -Mfontconfig=/Users/cody/code/dotty/ghostty_src/pkg/fontconfig/main.zig -ODebug -target x86_64-windows -mcpu baseline -I /Users/cody/.cache/zig/p/N-V-__8AAHjwMQDBXnLq3Q2QhaivE0kE2aD138vtX2Bq1g7c/src -Moniguruma=/Users/cody/code/dotty/ghostty_src/pkg/oniguruma/main.zig -ODebug -target x86_64-windows -mcpu baseline -I /Users/cody/.cache/zig/p/N-V-__8AABzkUgISeKGgXAzgtutgJsZc0-kkeqBBscJgMkvy -I /Users/cody/code/dotty/ghostty_src/pkg/glslang/override -Mglslang=/Users/cody/code/dotty/ghostty_src/pkg/glslang/main.zig -ODebug -target x86_64-windows -mcpu baseline -I /Users/cody/.cache/zig/p/N-V-__8AANb6pwD7O1WG6L5nvD_rNMvnSc9Cpg1ijSlTYywv -Mspirv_cross=/Users/cody/code/dotty/ghostty_src/pkg/spirv-cross/main.zig -I /Users/cody/code/dotty/ghostty_src/pkg/opengl/../../vendor/glad/include -Mopengl=/Users/cody/code/dotty/ghostty_src/pkg/opengl/main.zig -ODebug --dep zigimg --dep uucode=uucode0 -Mvaxis=/Users/cody/.cache/zig/p/vaxis-0.5.1-BWNV_LosCQAGmCCNOLljCIw6j6-yt53tji6n6rwJ2BhS/src/main.zig -cflags -DWUFFS_IMPLEMENTATION -DWUFFS_CONFIG__MODULES -DWUFFS_CONFIG__MODULE__AUX__BASE -DWUFFS_CONFIG__MODULE__AUX__IMAGE -DWUFFS_CONFIG__MODULE__BASE -DWUFFS_CONFIG__MODULE__ADLER32 -DWUFFS_CONFIG__MODULE__CRC32 -DWUFFS_CONFIG__MODULE__DEFLATE -DWUFFS_CONFIG__MODULE__JPEG -DWUFFS_CONFIG__MODULE__PNG -DWUFFS_CONFIG__MODULE__ZLIB -- /Users/cody/.cache/zig/p/N-V-__8AAAzZywE3s51XfsLbP9eyEw57ae9swYB9aGB6fCMs/release/c/wuffs-v0.4.c -ODebug -target x86_64-windows -mcpu baseline -I /Users/cody/.cache/zig/p/N-V-__8AAAzZywE3s51XfsLbP9eyEw57ae9swYB9aGB6fCMs/release/c --dep "1x1#000000.gif" --dep "1x1#000000.jpg" --dep "1x1#000000.png" --dep "1x1#000000.ppm" --dep "1x1#FFFFFF.gif" --dep "1x1#FFFFFF.jpg" --dep "1x1#FFFFFF.png" --dep "1x1#FFFFFF.ppm" -Mwuffs=/Users/cody/code/dotty/ghostty_src/pkg/wuffs/src/main.zig -Mxev=/Users/cody/.cache/zig/p/libxev-0.0.0-86vtc4IcEwCqEYxEYoN_3KXmc6A9VLcm22aVImfvecYs/src/main.zig -ODebug -target x86_64-windows -mcpu baseline --dep z2d_options -Mz2d=/Users/cody/.cache/zig/p/z2d-0.10.0-j5P_Hu-6FgBsZNgwphIqh17jDnj8_yPtD8yzjO6PpHRQ/src/z2d.zig -ODebug -target x86_64-windows -mcpu baseline --dep types.zig --dep config.zig --dep types.x.zig --dep tables --dep get.zig -Muucode=/Users/cody/.cache/zig/p/uucode-0.2.0-ZZjBPqZVVABQepOqZHR7vV_NcaN-wats0IB6o-Exj6m9/src/root.zig -ODebug -target x86_64-windows -mcpu baseline -Mzf=/Users/cody/.cache/zig/p/zf-0.10.3-OIRy8RuJAACKA3Lohoumrt85nRbHwbpMcUaLES8vxDnh/src/zf/zf.zig .zig-cache/o/56a57a9699c0cf5f5f2415f03c5a0eb7/dcimgui.lib -ODebug -target x86_64-windows -mcpu baseline -I .zig-cache/o/67c9bf735cc12f02bcb6a5aec7d59081 -I /Users/cody/.cache/zig/p/N-V-__8AAKLKpwC4H27Ps_0iL3bPkQb-z6ZVSrB-x_3EEkub/include --dep build_options=build_options1 -Mdcimgui=/Users/cody/code/dotty/ghostty_src/pkg/dcimgui/main.zig -Mjetbrains_mono_regular=/Users/cody/.cache/zig/p/N-V-__8AAIC5lwAVPJJzxnCAahSvZTIlG-HhtOvnM1uh-66x/fonts/ttf/JetBrainsMono-Regular.ttf -Mjetbrains_mono_bold=/Users/cody/.cache/zig/p/N-V-__8AAIC5lwAVPJJzxnCAahSvZTIlG-HhtOvnM1uh-66x/fonts/ttf/JetBrainsMono-Bold.ttf -Mjetbrains_mono_italic=/Users/cody/.cache/zig/p/N-V-__8AAIC5lwAVPJJzxnCAahSvZTIlG-HhtOvnM1uh-66x/fonts/ttf/JetBrainsMono-Italic.ttf -Mjetbrains_mono_bold_italic=/Users/cody/.cache/zig/p/N-V-__8AAIC5lwAVPJJzxnCAahSvZTIlG-HhtOvnM1uh-66x/fonts/ttf/JetBrainsMono-BoldItalic.ttf "-Mjetbrains_mono_variable=/Users/cody/.cache/zig/p/N-V-__8AAIC5lwAVPJJzxnCAahSvZTIlG-HhtOvnM1uh-66x/fonts/variable/JetBrainsMono[wght].ttf" "-Mjetbrains_mono_variable_italic=/Users/cody/.cache/zig/p/N-V-__8AAIC5lwAVPJJzxnCAahSvZTIlG-HhtOvnM1uh-66x/fonts/variable/JetBrainsMono-Italic[wght].ttf" -Mnerd_fonts_symbols_only=/Users/cody/.cache/zig/p/N-V-__8AAMVLTABmYkLqhZPLXnMl-KyN38R8UVYqGrxqO26s/SymbolsNerdFont-Regular.ttf -Mhelp_strings=.zig-cache/o/dd07c829f84920f58a16a395eccbf243/helpgen.zig -Municode_tables=.zig-cache/o/d70292e24f913e96a4dff9b3f8892849/props.zig -Msymbols_tables=.zig-cache/o/d70292e24f913e96a4dff9b3f8892849/symbols.zig -Mframedata=.zig-cache/o/4a22d70d0378aba80489e22def97067a/framedata.zig -ODebug -target x86_64-windows -mcpu baseline -Mmacos=/Users/cody/code/dotty/ghostty_src/pkg/macos/main.zig -Mbuild_options0=.zig-cache/c/11ee25fee5a9084a16f149cccaadafa7/options.zig -ODebug --dep zigimg -Mzigimg=/Users/cody/.cache/zig/p/zigimg-0.1.0-8_eo2vHnEwCIVW34Q14Ec-xUlzIoVg86-7FU2ypPtxms/zigimg.zig -ODebug --dep types.zig=types.zig0 --dep config.zig=config.zig0 --dep types.x.zig=types.x.zig0 --dep tables=tables0 --dep get.zig=get.zig0 -Muucode0=/Users/cody/.cache/zig/p/uucode-0.1.0-ZZjBPj96QADXyt5sqwBJUnhaDYs_qBeeKijZvlRa0eqM/src/root.zig "-M1x1#000000.gif=/Users/cody/.cache/zig/p/N-V-__8AADYiAAB_80AWnH1AxXC0tql9thT-R-DYO1gBqTLc/1x1#000000.gif" "-M1x1#000000.jpg=/Users/cody/.cache/zig/p/N-V-__8AADYiAAB_80AWnH1AxXC0tql9thT-R-DYO1gBqTLc/1x1#000000.jpg" "-M1x1#000000.png=/Users/cody/.cache/zig/p/N-V-__8AADYiAAB_80AWnH1AxXC0tql9thT-R-DYO1gBqTLc/1x1#000000.png" "-M1x1#000000.ppm=/Users/cody/.cache/zig/p/N-V-__8AADYiAAB_80AWnH1AxXC0tql9thT-R-DYO1gBqTLc/1x1#000000.ppm" "-M1x1#FFFFFF.gif=/Users/cody/.cache/zig/p/N-V-__8AADYiAAB_80AWnH1AxXC0tql9thT-R-DYO1gBqTLc/1x1#FFFFFF.gif" "-M1x1#FFFFFF.jpg=/Users/cody/.cache/zig/p/N-V-__8AADYiAAB_80AWnH1AxXC0tql9thT-R-DYO1gBqTLc/1x1#FFFFFF.jpg" "-M1x1#FFFFFF.png=/Users/cody/.cache/zig/p/N-V-__8AADYiAAB_80AWnH1AxXC0tql9thT-R-DYO1gBqTLc/1x1#FFFFFF.png" "-M1x1#FFFFFF.ppm=/Users/cody/.cache/zig/p/N-V-__8AADYiAAB_80AWnH1AxXC0tql9thT-R-DYO1gBqTLc/1x1#FFFFFF.ppm" -Mz2d_options=.zig-cache/c/7def25980cb99ff356ebf63ad7ab7464/options.zig -ODebug -target x86_64-windows -mcpu baseline --dep config.zig --dep get.zig -Mtypes.zig=/Users/cody/.cache/zig/p/uucode-0.2.0-ZZjBPqZVVABQepOqZHR7vV_NcaN-wats0IB6o-Exj6m9/src/types.zig -ODebug -target x86_64-windows -mcpu baseline --dep types.zig -Mconfig.zig=/Users/cody/.cache/zig/p/uucode-0.2.0-ZZjBPqZVVABQepOqZHR7vV_NcaN-wats0IB6o-Exj6m9/src/config.zig -ODebug -target x86_64-windows -mcpu baseline --dep config.x.zig -Mtypes.x.zig=/Users/cody/.cache/zig/p/uucode-0.2.0-ZZjBPqZVVABQepOqZHR7vV_NcaN-wats0IB6o-Exj6m9/src/x/types.x.zig -ODebug -target x86_64-windows -mcpu baseline --dep types.zig --dep types.x.zig --dep config.zig --dep build_config -Mtables=.zig-cache/o/3977c8871638eae3121c9773657c7c03/tables.zig -ODebug -target x86_64-windows -mcpu baseline --dep types.zig --dep tables -Mget.zig=/Users/cody/.cache/zig/p/uucode-0.2.0-ZZjBPqZVVABQepOqZHR7vV_NcaN-wats0IB6o-Exj6m9/src/get.zig -Mbuild_options1=.zig-cache/c/936727086ad366720b147ed5a3909b17/options.zig -ODebug --dep config.zig=config.zig0 --dep get.zig=get.zig0 -Mtypes.zig0=/Users/cody/.cache/zig/p/uucode-0.1.0-ZZjBPj96QADXyt5sqwBJUnhaDYs_qBeeKijZvlRa0eqM/src/types.zig -ODebug --dep types.zig=types.zig0 -Mconfig.zig0=/Users/cody/.cache/zig/p/uucode-0.1.0-ZZjBPj96QADXyt5sqwBJUnhaDYs_qBeeKijZvlRa0eqM/src/config.zig -ODebug --dep config.x.zig=config.x.zig0 -Mtypes.x.zig0=/Users/cody/.cache/zig/p/uucode-0.1.0-ZZjBPj96QADXyt5sqwBJUnhaDYs_qBeeKijZvlRa0eqM/src/x/types.x.zig -ODebug --dep types.zig=types.zig0 --dep types.x.zig=types.x.zig0 --dep config.zig=config.zig0 --dep build_config=build_config0 -Mtables0=.zig-cache/o/b41525811b5f92806a3c1373740ac661/tables.zig -ODebug --dep types.zig=types.zig0 --dep tables=tables0 -Mget.zig0=/Users/cody/.cache/zig/p/uucode-0.1.0-ZZjBPj96QADXyt5sqwBJUnhaDYs_qBeeKijZvlRa0eqM/src/get.zig -ODebug -target x86_64-windows -mcpu baseline --dep types.x.zig --dep types.zig --dep config.zig -Mconfig.x.zig=/Users/cody/.cache/zig/p/uucode-0.2.0-ZZjBPqZVVABQepOqZHR7vV_NcaN-wats0IB6o-Exj6m9/src/x/config.x.zig -target x86_64-windows -mcpu baseline --dep types.zig --dep config.zig --dep types.x.zig --dep config.x.zig -Mbuild_config=/Users/cody/code/dotty/ghostty_src/src/build/uucode_config.zig -ODebug --dep types.x.zig=types.x.zig0 --dep types.zig=types.zig0 --dep config.zig=config.zig0 -Mconfig.x.zig0=/Users/cody/.cache/zig/p/uucode-0.1.0-ZZjBPj96QADXyt5sqwBJUnhaDYs_qBeeKijZvlRa0eqM/src/x/config.x.zig --dep types.zig=types.zig0 --dep config.zig=config.zig0 --dep types.x.zig=types.x.zig0 --dep config.x.zig=config.x.zig0 -Mbuild_config0=.zig-cache/o/fd18b32249ff398bc4015853405e77cf/build_config2.zig .zig-cache/o/77d4e1acb5aa43ecf3935d306d997848/z.lib .zig-cache/o/60b423f7daa20c9d37dee4171a147f62/png.lib .zig-cache/o/16234c194097800930c6c81a5f0c6b9d/freetype.lib .zig-cache/o/984177d0b2c2e6898f1097de89c32a99/freetype.lib .zig-cache/o/dc39fe2347a23c0c6a121650c93f0511/xml2.lib .zig-cache/o/77d4e1acb5aa43ecf3935d306d997848/z.lib .zig-cache/o/16234c194097800930c6c81a5f0c6b9d/freetype.lib .zig-cache/o/77d4e1acb5aa43ecf3935d306d997848/z.lib -lws2_32 -lc++ -lc --cache-dir .zig-cache --global-cache-dir /Users/cody/.cache/zig --name ghostty -dynamic --zig-lib-dir /opt/homebrew/Cellar/zig/0.15.2/lib/zig/ --listen=-

Build Summary: 64/67 steps succeeded; 1 failed
install transitive failure
+- install generated to libghostty.so transitive failure
   +- compile lib ghostty Debug x86_64-windows 3 errors

error: the following build command failed with exit code 1:
.zig-cache/o/7c0037e48f5db2881a57d432a09ff953/build /opt/homebrew/Cellar/zig/0.15.2/bin/zig /opt/homebrew/Cellar/zig/0.15.2/lib/zig /Users/cody/code/dotty/ghostty_src .zig-cache /Users/cody/.cache/zig --seed 0x839b36db -Zbd2a397c8e125437 -Dtarget=x86_64-windows -Dapp-runtime=none
